[2m2026-09-06T17:42:30.292348Z[0m [32m INFO[0m [2mmoq_tokio::connection[0m[2m:[0m connecting [3mpeer[0m[2m=[0mhttp://localhost:4443
[2m2026-09-06T17:42:30.294146Z[0m [33m WARN[0m [2mmoq_tokio::quinn[0m[2m:[0m performing insecure HTTP request for certificate [3murl[0m[2m=[0mhttp://localhost:4443/certificate.sha256
[2m2026-09-06T17:42:30.309900Z[0m [34mDEBUG[0m [2mreqwest::connect[0m[2m:[0m starting new connection 'Some("localhost")'
[2m2026-09-06T17:42:30.310946Z[0m [34mDEBUG[0m [2mhyper_util::client::legacy::connect::http[0m[2m:[0m connecting to [::1]:4443
[2m2026-09-06T17:42:30.311843Z[0m [34mDEBUG[0m [2mhyper_util::client::legacy::connect::http[0m[2m:[0m connected to [::1]:4443
[2m2026-09-06T17:42:30.314481Z[0m [34mDEBUG[0m [2mhyper_util::client::legacy::pool[0m[2m:[0m pooling idle connection for ("http", localhost:4443)
[2m2026-09-06T17:42:30.319596Z[0m [34mDEBUG[0m [2mmoq_tokio::quinn[0m[2m:[0m connecting [3mpeer[0m[2m=[0mhttps://localhost:4443
[2m2026-09-06T17:42:30.321502Z[0m [34mDEBUG[0m [2mmoq_tokio::resolve[0m[2m:[0m resolved [3mlookup[0m[2m=[0mFull [3mcount[0m[2m=[0m2
[2m2026-09-06T17:42:30.322776Z[0m [34mDEBUG[0m [2mmoq_tokio::failover[0m[2m:[0m dialing [3maddr[0m[2m=[0m[::1]:4443 [3mindex[0m[2m=[0m0
[2m2026-09-06T17:42:30.371228Z[0m [34mDEBUG[0m [2mmoq_tokio::failover[0m[2m:[0m connected [3maddr[0m[2m=[0m[::1]:4443 [3mindex[0m[2m=[0m0
[2m2026-09-06T17:42:30.373122Z[0m [34mDEBUG[0m [2mweb_transport_quinn::settings[0m[2m:[0m sending SETTINGS frame [3msettings[0m[2m=[0mSettings({WEBTRANSPORT_MAX_SESSIONS_DEPRECATED: 1, WEBTRANSPORT_ENABLE_DEPRECATED: 1, ENABLE_CONNECT_PROTOCOL: 1, WEBTRANSPORT_MAX_SESSIONS: 1, ENABLE_DATAGRAM_DEPRECATED: 1, ENABLE_DATAGRAM: 1})
[2m2026-09-06T17:42:30.375281Z[0m [34mDEBUG[0m [2mweb_transport_quinn::settings[0m[2m:[0m received SETTINGS frame [3msettings[0m[2m=[0mSettings({ENABLE_DATAGRAM: 1, WEBTRANSPORT_ENABLE_DEPRECATED: 1, ENABLE_DATAGRAM_DEPRECATED: 1, WEBTRANSPORT_MAX_SESSIONS: 1, ENABLE_CONNECT_PROTOCOL: 1, WEBTRANSPORT_MAX_SESSIONS_DEPRECATED: 1})
[2m2026-09-06T17:42:30.375303Z[0m [34mDEBUG[0m [2mweb_transport_quinn::connect[0m[2m:[0m sending CONNECT request [3mrequest[0m[2m=[0mConnectRequest { url: Url { scheme: "https", cannot_be_a_base: false, username: "", password: None, host: Some(Domain("localhost")), port: Some(4443), path: "/", query: None, fragment: None }, protocols: ["moq-lite-05", "moq-lite-04", "moq-lite-03", "moql", "moqt-19", "moqt-18", "moqt-17", "moqt-16", "moqt-15", "moq-00"], headers: {} }
[2m2026-09-06T17:42:30.383128Z[0m [34mDEBUG[0m [2mweb_transport_quinn::connect[0m[2m:[0m received CONNECT response [3mresponse[0m[2m=[0mConnectResponse { status: 200, protocol: Some("moq-lite-05") }
[2m2026-09-06T17:42:30.385835Z[0m [32m INFO[0m [2mmoq_tokio::client[0m[2m:[0m connected [3mversion[0m[2m=[0mmoq-lite-05
[2m2026-09-06T17:42:30.385893Z[0m [32m INFO[0m [2mmoq_tokio::connection[0m[2m:[0m connected [3mpeer[0m[2m=[0mhttp://localhost:4443
[2m2026-09-06T17:42:30.394667Z[0m [34mDEBUG[0m [2mmoq_net::lite::publisher[0m[2m:[0m announce [3mbroadcast[0m[2m=[0mbbb.hang
[2m2026-09-06T17:42:30.395110Z[0m [34mDEBUG[0m [2mmoq_net::lite::subscriber[0m[2m:[0m received peer setup [3msetup[0m[2m=[0mSetup { probe: Report, path: None, role: None, cost: None, origin: Some(Origin { id: 2022765408323370 }) }
[2m2026-09-06T17:42:36.944992Z[0m [34mDEBUG[0m [2mmoq_net::lite::publisher[0m[2m:[0m track info requested [3mbroadcast[0m[2m=[0mbbb.hang [3mtrack[0m[2m=[0mcatalog.json
[2m2026-09-06T17:42:36.947598Z[0m [32m INFO[0m [2mmoq_net::lite::publisher[0m[2m:[0m subscribed started [3mid[0m[2m=[0m0 [3mbroadcast[0m[2m=[0mbbb.hang [3mtrack[0m[2m=[0mcatalog.json
[2m2026-09-06T17:42:36.947819Z[0m [34mDEBUG[0m [2mmoq_net::lite::publisher[0m[2m:[0m serving group [3msubscribe[0m[2m=[0m0 [3mtrack[0m[2m=[0mcatalog.json [3msequence[0m[2m=[0m5
[2m2026-09-06T17:42:36.948252Z[0m [34mDEBUG[0m [2mmoq_net::lite::publisher[0m[2m:[0m finished group [3msequence[0m[2m=[0m5
[2m2026-09-06T17:42:36.956030Z[0m [34mDEBUG[0m [2mmoq_net::lite::publisher[0m[2m:[0m track info requested [3mbroadcast[0m[2m=[0mbbb.hang [3mtrack[0m[2m=[0m1.m4s
[2m2026-09-06T17:42:36.956083Z[0m [34mDEBUG[0m [2mmoq_net::lite::publisher[0m[2m:[0m track info requested [3mbroadcast[0m[2m=[0mbbb.hang [3mtrack[0m[2m=[0m0.m4s
[2m2026-09-06T17:42:36.956790Z[0m [34mDEBUG[0m [2mmoq_net::lite::publisher[0m[2m:[0m track info cancelled [3mbroadcast[0m[2m=[0mbbb.hang [3mtrack[0m[2m=[0m1.m4s
[2m2026-09-06T17:42:36.956816Z[0m [34mDEBUG[0m [2mmoq_net::lite::publisher[0m[2m:[0m track info cancelled [3mbroadcast[0m[2m=[0mbbb.hang [3mtrack[0m[2m=[0m0.m4s
[2m2026-09-06T17:42:36.957457Z[0m [32m INFO[0m [2mmoq_net::lite::publisher[0m[2m:[0m subscribed started [3mid[0m[2m=[0m1 [3mbroadcast[0m[2m=[0mbbb.hang [3mtrack[0m[2m=[0m0.m4s
[2m2026-09-06T17:42:36.957525Z[0m [34mDEBUG[0m [2mmoq_net::lite::publisher[0m[2m:[0m serving group [3msubscribe[0m[2m=[0m1 [3mtrack[0m[2m=[0m0.m4s [3msequence[0m[2m=[0m2
[2m2026-09-06T17:42:36.958059Z[0m [32m INFO[0m [2mmoq_net::lite::publisher[0m[2m:[0m subscribed started [3mid[0m[2m=[0m2 [3mbroadcast[0m[2m=[0mbbb.hang [3mtrack[0m[2m=[0m1.m4s
[2m2026-09-06T17:42:36.958184Z[0m [34mDEBUG[0m [2mmoq_net::lite::publisher[0m[2m:[0m serving group [3msubscribe[0m[2m=[0m2 [3mtrack[0m[2m=[0m1.m4s [3msequence[0m[2m=[0m2
[2m2026-09-06T17:42:37.699619Z[0m [34mDEBUG[0m [2mmoq_net::lite::publisher[0m[2m:[0m serving group [3msubscribe[0m[2m=[0m1 [3mtrack[0m[2m=[0m0.m4s [3msequence[0m[2m=[0m3
[2m2026-09-06T17:42:37.699746Z[0m [34mDEBUG[0m [2mmoq_net::lite::publisher[0m[2m:[0m serving group [3msubscribe[0m[2m=[0m2 [3mtrack[0m[2m=[0m1.m4s [3msequence[0m[2m=[0m3
[2m2026-09-06T17:42:37.700241Z[0m [34mDEBUG[0m [2mmoq_net::lite::publisher[0m[2m:[0m finished group [3msequence[0m[2m=[0m2
[2m2026-09-06T17:42:37.702250Z[0m [34mDEBUG[0m [2mmoq_net::lite::publisher[0m[2m:[0m finished group [3msequence[0m[2m=[0m2
[2m2026-09-06T17:42:40.215785Z[0m [34mDEBUG[0m [2mmoq_net::lite::publisher[0m[2m:[0m serving group [3msubscribe[0m[2m=[0m1 [3mtrack[0m[2m=[0m0.m4s [3msequence[0m[2m=[0m4
[2m2026-09-06T17:42:40.215913Z[0m [34mDEBUG[0m [2mmoq_net::lite::publisher[0m[2m:[0m serving group [3msubscribe[0m[2m=[0m2 [3mtrack[0m[2m=[0m1.m4s [3msequence[0m[2m=[0m4
[2m2026-09-06T17:42:40.216349Z[0m [34mDEBUG[0m [2mmoq_net::lite::publisher[0m[2m:[0m finished group [3msequence[0m[2m=[0m3
[2m2026-09-06T17:42:40.216746Z[0m [34mDEBUG[0m [2mmoq_net::lite::publisher[0m[2m:[0m finished group [3msequence[0m[2m=[0m3
[2m2026-09-06T17:42:42.118151Z[0m [34mDEBUG[0m [2mmoq_net::lite::publisher[0m[2m:[0m serving group [3msubscribe[0m[2m=[0m1 [3mtrack[0m[2m=[0m0.m4s [3msequence[0m[2m=[0m5
[2m2026-09-06T17:42:42.118286Z[0m [34mDEBUG[0m [2mmoq_net::lite::publisher[0m[2m:[0m serving group [3msubscribe[0m[2m=[0m2 [3mtrack[0m[2m=[0m1.m4s [3msequence[0m[2m=[0m5
[2m2026-09-06T17:42:42.119120Z[0m [34mDEBUG[0m [2mmoq_net::lite::publisher[0m[2m:[0m finished group [3msequence[0m[2m=[0m4
[2m2026-09-06T17:42:42.119318Z[0m [34mDEBUG[0m [2mmoq_net::lite::publisher[0m[2m:[0m finished group [3msequence[0m[2m=[0m4
[2m2026-09-06T17:42:44.624336Z[0m [34mDEBUG[0m [2mmoq_net::lite::publisher[0m[2m:[0m serving group [3msubscribe[0m[2m=[0m1 [3mtrack[0m[2m=[0m0.m4s [3msequence[0m[2m=[0m6
[2m2026-09-06T17:42:44.624500Z[0m [34mDEBUG[0m [2mmoq_net::lite::publisher[0m[2m:[0m serving group [3msubscribe[0m[2m=[0m2 [3mtrack[0m[2m=[0m1.m4s [3msequence[0m[2m=[0m6
[2m2026-09-06T17:42:44.625742Z[0m [34mDEBUG[0m [2mmoq_net::lite::publisher[0m[2m:[0m finished group [3msequence[0m[2m=[0m5
[2m2026-09-06T17:42:44.626315Z[0m [34mDEBUG[0m [2mmoq_net::lite::publisher[0m[2m:[0m finished group [3msequence[0m[2m=[0m5
[2m2026-09-06T17:42:45.979449Z[0m [34mDEBUG[0m [2mmoq_net::lite::publisher[0m[2m:[0m serving group [3msubscribe[0m[2m=[0m1 [3mtrack[0m[2m=[0m0.m4s [3msequence[0m[2m=[0m7
[2m2026-09-06T17:42:45.980406Z[0m [34mDEBUG[0m [2mmoq_net::lite::publisher[0m[2m:[0m finished group [3msequence[0m[2m=[0m6
[2m2026-09-06T17:42:45.982051Z[0m [34mDEBUG[0m [2mmoq_net::lite::publisher[0m[2m:[0m serving group [3msubscribe[0m[2m=[0m2 [3mtrack[0m[2m=[0m1.m4s [3msequence[0m[2m=[0m7
[2m2026-09-06T17:42:45.982444Z[0m [34mDEBUG[0m [2mmoq_net::lite::publisher[0m[2m:[0m finished group [3msequence[0m[2m=[0m6
[2m2026-09-06T17:42:48.499131Z[0m [34mDEBUG[0m [2mmoq_net::lite::publisher[0m[2m:[0m serving group [3msubscribe[0m[2m=[0m1 [3mtrack[0m[2m=[0m0.m4s [3msequence[0m[2m=[0m8
[2m2026-09-06T17:42:48.499298Z[0m [34mDEBUG[0m [2mmoq_net::lite::publisher[0m[2m:[0m serving group [3msubscribe[0m[2m=[0m2 [3mtrack[0m[2m=[0m1.m4s [3msequence[0m[2m=[0m8
[2m2026-09-06T17:42:48.499834Z[0m [34mDEBUG[0m [2mmoq_net::lite::publisher[0m[2m:[0m finished group [3msequence[0m[2m=[0m7
[2m2026-09-06T17:42:48.500116Z[0m [34mDEBUG[0m [2mmoq_net::lite::publisher[0m[2m:[0m finished group [3msequence[0m[2m=[0m7
[2m2026-09-06T17:42:50.999157Z[0m [34mDEBUG[0m [2mmoq_net::lite::publisher[0m[2m:[0m serving group [3msubscribe[0m[2m=[0m1 [3mtrack[0m[2m=[0m0.m4s [3msequence[0m[2m=[0m9
[2m2026-09-06T17:42:50.999306Z[0m [34mDEBUG[0m [2mmoq_net::lite::publisher[0m[2m:[0m serving group [3msubscribe[0m[2m=[0m2 [3mtrack[0m[2m=[0m1.m4s [3msequence[0m[2m=[0m9
[2m2026-09-06T17:42:51.000440Z[0m [34mDEBUG[0m [2mmoq_net::lite::publisher[0m[2m:[0m finished group [3msequence[0m[2m=[0m8
[2m2026-09-06T17:42:51.000514Z[0m [34mDEBUG[0m [2mmoq_net::lite::publisher[0m[2m:[0m finished group [3msequence[0m[2m=[0m8
[2m2026-09-06T17:42:53.332344Z[0m [34mDEBUG[0m [2mmoq_net::lite::publisher[0m[2m:[0m serving group [3msubscribe[0m[2m=[0m1 [3mtrack[0m[2m=[0m0.m4s [3msequence[0m[2m=[0m10
[2m2026-09-06T17:42:53.332782Z[0m [34mDEBUG[0m [2mmoq_net::lite::publisher[0m[2m:[0m serving group [3msubscribe[0m[2m=[0m2 [3mtrack[0m[2m=[0m1.m4s [3msequence[0m[2m=[0m10
[2m2026-09-06T17:42:53.335260Z[0m [34mDEBUG[0m [2mmoq_net::lite::publisher[0m[2m:[0m finished group [3msequence[0m[2m=[0m9
[2m2026-09-06T17:42:53.337321Z[0m [34mDEBUG[0m [2mmoq_net::lite::publisher[0m[2m:[0m finished group [3msequence[0m[2m=[0m9
[2m2026-09-06T17:42:55.802350Z[0m [34mDEBUG[0m [2mmoq_net::lite::publisher[0m[2m:[0m serving group [3msubscribe[0m[2m=[0m1 [3mtrack[0m[2m=[0m0.m4s [3msequence[0m[2m=[0m11
[2m2026-09-06T17:42:55.802699Z[0m [34mDEBUG[0m [2mmoq_net::lite::publisher[0m[2m:[0m serving group [3msubscribe[0m[2m=[0m0 [3mtrack[0m[2m=[0mcatalog.json [3msequence[0m[2m=[0m6
[2m2026-09-06T17:42:55.804457Z[0m [34mDEBUG[0m [2mmoq_net::lite::publisher[0m[2m:[0m serving group [3msubscribe[0m[2m=[0m2 [3mtrack[0m[2m=[0m1.m4s [3msequence[0m[2m=[0m11
[2m2026-09-06T17:42:55.804528Z[0m [34mDEBUG[0m [2mmoq_net::lite::publisher[0m[2m:[0m finished group [3msequence[0m[2m=[0m6
[2m2026-09-06T17:42:55.804570Z[0m [34mDEBUG[0m [2mmoq_net::lite::publisher[0m[2m:[0m finished group [3msequence[0m[2m=[0m10
[2m2026-09-06T17:42:55.806609Z[0m [34mDEBUG[0m [2mmoq_net::lite::publisher[0m[2m:[0m finished group [3msequence[0m[2m=[0m10
[2m2026-09-06T17:42:58.301893Z[0m [34mDEBUG[0m [2mmoq_net::lite::publisher[0m[2m:[0m serving group [3msubscribe[0m[2m=[0m1 [3mtrack[0m[2m=[0m0.m4s [3msequence[0m[2m=[0m12
[2m2026-09-06T17:42:58.302114Z[0m [34mDEBUG[0m [2mmoq_net::lite::publisher[0m[2m:[0m serving group [3msubscribe[0m[2m=[0m2 [3mtrack[0m[2m=[0m1.m4s [3msequence[0m[2m=[0m12
[2m2026-09-06T17:42:58.307354Z[0m [34mDEBUG[0m [2mmoq_net::lite::publisher[0m[2m:[0m finished group [3msequence[0m[2m=[0m11
[2m2026-09-06T17:42:58.307510Z[0m [34mDEBUG[0m [2mmoq_net::lite::publisher[0m[2m:[0m finished group [3msequence[0m[2m=[0m11
[2m2026-09-06T17:43:00.785207Z[0m [34mDEBUG[0m [2mmoq_net::lite::publisher[0m[2m:[0m serving group [3msubscribe[0m[2m=[0m1 [3mtrack[0m[2m=[0m0.m4s [3msequence[0m[2m=[0m13
[2m2026-09-06T17:43:00.785355Z[0m [34mDEBUG[0m [2mmoq_net::lite::publisher[0m[2m:[0m serving group [3msubscribe[0m[2m=[0m2 [3mtrack[0m[2m=[0m1.m4s [3msequence[0m[2m=[0m13
[2m2026-09-06T17:43:00.786102Z[0m [34mDEBUG[0m [2mmoq_net::lite::publisher[0m[2m:[0m finished group [3msequence[0m[2m=[0m12
[2m2026-09-06T17:43:00.786137Z[0m [34mDEBUG[0m [2mmoq_net::lite::publisher[0m[2m:[0m finished group [3msequence[0m[2m=[0m12
[2m2026-09-06T17:43:03.286573Z[0m [34mDEBUG[0m [2mmoq_net::lite::publisher[0m[2m:[0m serving group [3msubscribe[0m[2m=[0m1 [3mtrack[0m[2m=[0m0.m4s [3msequence[0m[2m=[0m14
[2m2026-09-06T17:43:03.286736Z[0m [34mDEBUG[0m [2mmoq_net::lite::publisher[0m[2m:[0m serving group [3msubscribe[0m[2m=[0m2 [3mtrack[0m[2m=[0m1.m4s [3msequence[0m[2m=[0m14
[2m2026-09-06T17:43:03.290429Z[0m [34mDEBUG[0m [2mmoq_net::lite::publisher[0m[2m:[0m finished group [3msequence[0m[2m=[0m13
[2m2026-09-06T17:43:03.290653Z[0m [34mDEBUG[0m [2mmoq_net::lite::publisher[0m[2m:[0m finished group [3msequence[0m[2m=[0m13
[2m2026-09-06T17:43:05.799239Z[0m [34mDEBUG[0m [2mmoq_net::lite::publisher[0m[2m:[0m serving group [3msubscribe[0m[2m=[0m1 [3mtrack[0m[2m=[0m0.m4s [3msequence[0m[2m=[0m15
[2m2026-09-06T17:43:05.799391Z[0m [34mDEBUG[0m [2mmoq_net::lite::publisher[0m[2m:[0m serving group [3msubscribe[0m[2m=[0m2 [3mtrack[0m[2m=[0m1.m4s [3msequence[0m[2m=[0m15
[2m2026-09-06T17:43:05.800910Z[0m [34mDEBUG[0m [2mmoq_net::lite::publisher[0m[2m:[0m finished group [3msequence[0m[2m=[0m14
[2m2026-09-06T17:43:05.800958Z[0m [34mDEBUG[0m [2mmoq_net::lite::publisher[0m[2m:[0m finished group [3msequence[0m[2m=[0m14
[2m2026-09-06T17:43:07.300895Z[0m [32m INFO[0m [2mmoq_net::lite::publisher[0m[2m:[0m subscribed cancelled [3mid[0m[2m=[0m0 [3mbroadcast[0m[2m=[0mbbb.hang [3mtrack[0m[2m=[0mcatalog.json
[2m2026-09-06T17:43:07.301338Z[0m [32m INFO[0m [2mmoq_net::lite::publisher[0m[2m:[0m subscribed cancelled [3mid[0m[2m=[0m2 [3mbroadcast[0m[2m=[0mbbb.hang [3mtrack[0m[2m=[0m1.m4s
[2m2026-09-06T17:43:07.302104Z[0m [32m INFO[0m [2mmoq_net::lite::publisher[0m[2m:[0m subscribed cancelled [3mid[0m[2m=[0m1 [3mbroadcast[0m[2m=[0mbbb.hang [3mtrack[0m[2m=[0m0.m4s
