(!) Your Vite config uses features that are unsupported by `configLoader: 'native'`, which is planned to become the default in a future major version of Vite:
  - `__dirname` (vite.config.ts:12:18). Use `import.meta.dirname` instead
  - import "../../js/common/vite-plugin-isolate" without a file extension (vite.config.ts:5:38). Add the file extension
  - import "../../js/common/vite-plugin-worklet" without a file extension (vite.config.ts:6:31). Add the file extension
  - import "./console-overlay" without a file extension (vite.config.ts:7:32). Add the file extension
  - import "./open-tabs" without a file extension (vite.config.ts:8:26). Add the file extension
Set `VITE_CONFIG_NATIVE_IGNORE_WARNING=true` to suppress this warning.
1:42:02 PM [vite] (client) Re-optimizing dependencies because vite config has changed

  VITE v8.2.2  ready in 354 ms

  ➜  Local:   http://localhost:5174/
  ➜  Network: use --host to expose
1:45:11 PM [vite] (client) [console.warn] skipping covered group: 36 -> 37
1:45:32 PM [vite] (client) [console.warn] skipping covered group: 45 -> 46
1:46:24 PM [vite] (client) [console.warn] skipping covered group: 67 -> 68
1:47:03 PM [vite] (client) [console.warn] skipping covered group: 86 -> 87
2:00:23 PM [vite] (client) [console.warn] publish error: broadcast=rt/f2.hang track=audio error=remote error: 0
2:00:23 PM [vite] (client) [console.warn] skipping slow group: track=audio 5 -> 6
2:01:14 PM [vite] (client) [console.warn] publish error: broadcast=rt/f2.hang track=catalog.json error=remote error: 0
2:01:14 PM [vite] (client) [console.warn] publish error: broadcast=rt/f2.hang track=audio error=The stream was aborted by the remote server
2:01:14 PM [vite] (client) [console.warn] publish error: broadcast=rt/f2.hang track=video error=The stream was aborted by the remote server
2:01:18 PM [vite] (client) [console.warn] skipping slow group: track=audio 1720 -> 1721
2:02:08 PM [vite] (client) [console.warn] publish error: broadcast=rt/f2.hang track=catalog.json error=remote error: 0
2:02:08 PM [vite] (client) [console.warn] publish error: broadcast=rt/f2.hang track=audio error=The stream was aborted by the remote server
2:02:08 PM [vite] (client) [console.warn] publish error: broadcast=rt/f2.hang track=video error=The stream was aborted by the remote server
2:02:52 PM [vite] (client) [console.warn] skipping covered group: 6 -> 7
2:03:02 PM [vite] (client) [console.warn] skipping covered group: 10 -> 11
2:05:15 PM [vite] (client) [console.warn] skipping covered group: 66 -> 67
2:06:10 PM [vite] (client) [console.warn] skipping covered group: 93 -> 94
2:19:16 PM [vite] (client) [console.warn] publish error: broadcast=rt/f23.hang track=audio error=remote error: 0
2:19:16 PM [vite] (client) [console.warn] skipping slow group: track=audio 6 -> 7
2:20:07 PM [vite] (client) [console.warn] publish error: broadcast=rt/f23.hang track=catalog.json error=remote error: 0
2:20:07 PM [vite] (client) [console.warn] publish error: broadcast=rt/f23.hang track=audio error=The stream was aborted by the remote server
2:20:07 PM [vite] (client) [console.warn] publish error: broadcast=rt/f23.hang track=video error=The stream was aborted by the remote server
2:20:11 PM [vite] (client) [console.warn] skipping slow group: track=audio 2603 -> 2604
2:21:00 PM [vite] (client) [console.warn] publish error: broadcast=rt/f23.hang track=catalog.json error=remote error: 0
2:21:00 PM [vite] (client) [console.warn] publish error: broadcast=rt/f23.hang track=audio error=The stream was aborted by the remote server
2:21:00 PM [vite] (client) [console.warn] publish error: broadcast=rt/f23.hang track=video error=The stream was aborted by the remote server
2:21:45 PM [vite] (client) [console.warn] skipping covered group: 6 -> 7
2:24:25 PM [vite] (client) [console.warn] skipping covered group: 75 -> 76
2:24:29 PM [vite] (client) [console.warn] skipping covered group: 77 -> 78
2:25:09 PM [vite] (client) [console.warn] skipping covered group: 96 -> 97
2:38:09 PM [vite] (client) [console.warn] publish error: broadcast=rt/f234.hang track=audio error=remote error: 0
2:38:09 PM [vite] (client) [console.warn] skipping slow group: track=audio 5 -> 6
2:38:59 PM [vite] (client) [console.warn] publish error: broadcast=rt/f234.hang track=catalog.json error=remote error: 0
2:38:59 PM [vite] (client) [console.warn] publish error: broadcast=rt/f234.hang track=audio error=The stream was aborted by the remote server
2:38:59 PM [vite] (client) [console.warn] publish error: broadcast=rt/f234.hang track=video error=The stream was aborted by the remote server
2:39:03 PM [vite] (client) [console.warn] skipping slow group: track=audio 2473 -> 2474
2:39:53 PM [vite] (client) [console.warn] publish error: broadcast=rt/f234.hang track=catalog.json error=remote error: 0
2:39:53 PM [vite] (client) [console.warn] publish error: broadcast=rt/f234.hang track=audio error=The stream was aborted by the remote server
2:39:53 PM [vite] (client) [console.warn] publish error: broadcast=rt/f234.hang track=video error=The stream was aborted by the remote server
error: Failed to run "vite" due to signal SIGTERM
